V3 15
FL /mnt/b/ACCMT-Projects/papilio-one-board/Counter/src/counter.vhd 2024/10/23.11:35:07 P.20131013
EN work/counter 1729742813 \
      FL /mnt/b/ACCMT-Projects/papilio-one-board/Counter/src/counter.vhd \
      PB ieee/std_logic_1164 1381692176 PB ieee/NUMERIC_STD 1381692181
AR work/counter/counter_arch 1729742814 \
      FL /mnt/b/ACCMT-Projects/papilio-one-board/Counter/src/counter.vhd \
      EN work/counter 1729742813
FL /mnt/b/ACCMT-Projects/papilio-one-board/Counter/src/LED_cont.vhd 2024/10/22.15:45:58 P.20131013
EN work/LED_cont 1729742817 \
      FL /mnt/b/ACCMT-Projects/papilio-one-board/Counter/src/LED_cont.vhd \
      PB ieee/std_logic_1164 1381692176
AR work/LED_cont/LED_cont_arch 1729742818 \
      FL /mnt/b/ACCMT-Projects/papilio-one-board/Counter/src/LED_cont.vhd \
      EN work/LED_cont 1729742817
FL /mnt/b/ACCMT-Projects/papilio-one-board/Counter/src/seg_cont.vhd 2024/10/23.12:48:25 P.20131013
EN work/seg_cont 1729742815 \
      FL /mnt/b/ACCMT-Projects/papilio-one-board/Counter/src/seg_cont.vhd \
      PB ieee/std_logic_1164 1381692176 PB ieee/NUMERIC_STD 1381692181
AR work/seg_cont/seg_cont_arch 1729742816 \
      FL /mnt/b/ACCMT-Projects/papilio-one-board/Counter/src/seg_cont.vhd \
      EN work/seg_cont 1729742815
FL /mnt/b/ACCMT-Projects/papilio-one-board/Counter/src/top.vhd 2024/10/23.09:33:58 P.20131013
EN work/top 1729742819 \
      FL /mnt/b/ACCMT-Projects/papilio-one-board/Counter/src/top.vhd \
      PB ieee/std_logic_1164 1381692176 PB ieee/NUMERIC_STD 1381692181
AR work/top/top_arch 1729742820 \
      FL /mnt/b/ACCMT-Projects/papilio-one-board/Counter/src/top.vhd EN work/top 1729742819 \
      CP counter CP seg_cont CP LED_cont
