V3 3
FL /mnt/b/papilio-one-projects/Troubleshoot/Troubleshoot/TEST_LED.vhd 2024/10/10.11:34:34 P.20131013
EN work/TEST_LED 1728540330 \
      FL /mnt/b/papilio-one-projects/Troubleshoot/Troubleshoot/TEST_LED.vhd \
      PB ieee/std_logic_1164 1381692176
AR work/TEST_LED/TEST_LED_Arch 1728540331 \
      FL /mnt/b/papilio-one-projects/Troubleshoot/Troubleshoot/TEST_LED.vhd \
      EN work/TEST_LED 1728540330
